// Jest Snapshot v1, https://goo.gl/fbAQLP

exports[`Performance: metrics evaluates valid input (with lcp) correctly 1`] = `
Object {
  "estimatedInputLatency": 13,
  "estimatedInputLatencyTs": undefined,
  "firstCPUIdle": 1211,
  "firstCPUIdleTs": undefined,
  "firstContentfulPaint": 1005,
  "firstContentfulPaintTs": undefined,
  "firstMeaningfulPaint": 1211,
  "firstMeaningfulPaintTs": undefined,
  "interactive": 1211,
  "interactiveTs": undefined,
  "largestContentfulPaint": 1211,
  "largestContentfulPaintTs": undefined,
  "observedDomContentLoaded": 496,
  "observedDomContentLoadedTs": 296847247785,
  "observedFirstContentfulPaint": 515,
  "observedFirstContentfulPaintTs": 296847267275,
  "observedFirstMeaningfulPaint": 689,
  "observedFirstMeaningfulPaintTs": 296847440835,
  "observedFirstPaint": 515,
  "observedFirstPaintTs": 296847267275,
  "observedFirstVisualChange": 495,
  "observedFirstVisualChangeTs": 296847246824,
  "observedLargestContentfulPaint": 689,
  "observedLargestContentfulPaintTs": 296847440835,
  "observedLastVisualChange": 1095,
  "observedLastVisualChangeTs": 296847846824,
  "observedLoad": 662,
  "observedLoadTs": 296847413965,
  "observedNavigationStart": 0,
  "observedNavigationStartTs": 296846751824,
  "observedSpeedIndex": 539,
  "observedSpeedIndexTs": 296847291185,
  "observedTraceEnd": 1730,
  "observedTraceEndTs": 296848481351,
  "speedIndex": 1177,
  "speedIndexTs": undefined,
  "totalBlockingTime": 17,
}
`;

exports[`Performance: metrics evaluates valid input correctly 1`] = `
Object {
  "estimatedInputLatency": 78,
  "estimatedInputLatencyTs": undefined,
  "firstCPUIdle": 3351,
  "firstCPUIdleTs": undefined,
  "firstContentfulPaint": 1307,
  "firstContentfulPaintTs": undefined,
  "firstMeaningfulPaint": 1511,
  "firstMeaningfulPaintTs": undefined,
  "interactive": 3427,
  "interactiveTs": undefined,
  "largestContentfulPaint": undefined,
  "largestContentfulPaintTs": undefined,
  "observedDomContentLoaded": 560,
  "observedDomContentLoadedTs": 225414732309,
  "observedFirstContentfulPaint": 499,
  "observedFirstContentfulPaintTs": 225414670885,
  "observedFirstMeaningfulPaint": 783,
  "observedFirstMeaningfulPaintTs": 225414955343,
  "observedFirstPaint": 499,
  "observedFirstPaintTs": 225414670868,
  "observedFirstVisualChange": 520,
  "observedFirstVisualChangeTs": 225414692015,
  "observedLargestContentfulPaint": undefined,
  "observedLargestContentfulPaintTs": undefined,
  "observedLastVisualChange": 818,
  "observedLastVisualChangeTs": 225414990015,
  "observedLoad": 2199,
  "observedLoadTs": 225416370913,
  "observedNavigationStart": 0,
  "observedNavigationStartTs": 225414172015,
  "observedSpeedIndex": 605,
  "observedSpeedIndexTs": 225414776724,
  "observedTraceEnd": 12540,
  "observedTraceEndTs": 225426711887,
  "speedIndex": 1657,
  "speedIndexTs": undefined,
  "totalBlockingTime": 726,
}
`;
