// Jest Snapshot v1, https://goo.gl/fbAQLP

exports[`Performance: predictive performance audit should compute the predicted values 1`] = `
Object {
  "optimisticEIL": 455,
  "optimisticFCP": 2252,
  "optimisticFMP": 2252,
  "optimisticLCP": 3192,
  "optimisticSI": 1393,
  "optimisticTTFCPUI": 3677,
  "optimisticTTI": 3677,
  "pessimisticEIL": 903,
  "pessimisticFCP": 2252,
  "pessimisticFMP": 3191,
  "pessimisticLCP": 3495,
  "pessimisticSI": 2981,
  "pessimisticTTFCPUI": 5551,
  "pessimisticTTI": 5551,
  "roughEstimateOfEIL": 543,
  "roughEstimateOfFCP": 2252,
  "roughEstimateOfFMP": 2721,
  "roughEstimateOfLCP": 3343,
  "roughEstimateOfSI": 3639,
  "roughEstimateOfTTFCPUI": 3677,
  "roughEstimateOfTTI": 4614,
}
`;
