// Jest Snapshot v1, https://goo.gl/fbAQLP

exports[`Metrics: Lantern TTI should compute predicted value 1`] = `
Object {
  "optimistic": 4313,
  "pessimistic": 4383,
  "timing": 4348,
}
`;

exports[`Metrics: Lantern TTI should compute predicted value on iframes with substantial layout 1`] = `
Object {
  "optimistic": 6657,
  "pessimistic": 6692,
  "timing": 6674,
}
`;
