// Jest Snapshot v1, https://goo.gl/fbAQLP

exports[`CLI Tests print-config should print the default config and exit immediately after 1`] = `
Object {
  "audits": Array [
    Object {
      "id": "is-on-https",
      "path": "is-on-https",
    },
    Object {
      "id": "redirects-http",
      "path": "redirects-http",
    },
    Object {
      "id": "service-worker",
      "path": "service-worker",
    },
    Object {
      "id": "works-offline",
      "path": "works-offline",
    },
    Object {
      "id": "viewport",
      "path": "viewport",
    },
    Object {
      "id": "without-javascript",
      "path": "without-javascript",
    },
    Object {
      "id": "first-contentful-paint",
      "path": "metrics/first-contentful-paint",
    },
    Object {
      "id": "first-meaningful-paint",
      "path": "metrics/first-meaningful-paint",
    },
    Object {
      "id": "load-fast-enough-for-pwa",
      "path": "load-fast-enough-for-pwa",
    },
    Object {
      "id": "speed-index",
      "path": "metrics/speed-index",
    },
    Object {
      "id": "screenshot-thumbnails",
      "path": "screenshot-thumbnails",
    },
    Object {
      "id": "final-screenshot",
      "path": "final-screenshot",
    },
    Object {
      "id": "estimated-input-latency",
      "path": "metrics/estimated-input-latency",
    },
    Object {
      "id": "max-potential-fid",
      "path": "metrics/max-potential-fid",
    },
    Object {
      "id": "errors-in-console",
      "path": "errors-in-console",
    },
    Object {
      "id": "time-to-first-byte",
      "path": "time-to-first-byte",
    },
    Object {
      "id": "first-cpu-idle",
      "path": "metrics/first-cpu-idle",
    },
    Object {
      "id": "interactive",
      "path": "metrics/interactive",
    },
    Object {
      "id": "user-timings",
      "path": "user-timings",
    },
    Object {
      "id": "critical-request-chains",
      "path": "critical-request-chains",
    },
    Object {
      "id": "redirects",
      "path": "redirects",
    },
    Object {
      "id": "installable-manifest",
      "path": "installable-manifest",
    },
    Object {
      "id": "splash-screen",
      "path": "splash-screen",
    },
    Object {
      "id": "themed-omnibox",
      "path": "themed-omnibox",
    },
    Object {
      "id": "content-width",
      "path": "content-width",
    },
    Object {
      "id": "image-aspect-ratio",
      "path": "image-aspect-ratio",
    },
    Object {
      "id": "deprecations",
      "path": "deprecations",
    },
    Object {
      "id": "mainthread-work-breakdown",
      "path": "mainthread-work-breakdown",
    },
    Object {
      "id": "bootup-time",
      "path": "bootup-time",
    },
    Object {
      "id": "uses-rel-preload",
      "path": "uses-rel-preload",
    },
    Object {
      "id": "uses-rel-preconnect",
      "path": "uses-rel-preconnect",
    },
    Object {
      "id": "font-display",
      "path": "font-display",
    },
    Object {
      "id": "diagnostics",
      "path": "diagnostics",
    },
    Object {
      "id": "network-requests",
      "path": "network-requests",
    },
    Object {
      "id": "network-rtt",
      "path": "network-rtt",
    },
    Object {
      "id": "network-server-latency",
      "path": "network-server-latency",
    },
    Object {
      "id": "main-thread-tasks",
      "path": "main-thread-tasks",
    },
    Object {
      "id": "metrics",
      "path": "metrics",
    },
    Object {
      "id": "offline-start-url",
      "path": "offline-start-url",
    },
    Object {
      "id": "pwa-cross-browser",
      "path": "manual/pwa-cross-browser",
    },
    Object {
      "id": "pwa-page-transitions",
      "path": "manual/pwa-page-transitions",
    },
    Object {
      "id": "pwa-each-page-has-url",
      "path": "manual/pwa-each-page-has-url",
    },
    Object {
      "id": "accesskeys",
      "path": "accessibility/accesskeys",
    },
    Object {
      "id": "aria-allowed-attr",
      "path": "accessibility/aria-allowed-attr",
    },
    Object {
      "id": "aria-required-attr",
      "path": "accessibility/aria-required-attr",
    },
    Object {
      "id": "aria-required-children",
      "path": "accessibility/aria-required-children",
    },
    Object {
      "id": "aria-required-parent",
      "path": "accessibility/aria-required-parent",
    },
    Object {
      "id": "aria-roles",
      "path": "accessibility/aria-roles",
    },
    Object {
      "id": "aria-valid-attr-value",
      "path": "accessibility/aria-valid-attr-value",
    },
    Object {
      "id": "aria-valid-attr",
      "path": "accessibility/aria-valid-attr",
    },
    Object {
      "id": "audio-caption",
      "path": "accessibility/audio-caption",
    },
    Object {
      "id": "button-name",
      "path": "accessibility/button-name",
    },
    Object {
      "id": "bypass",
      "path": "accessibility/bypass",
    },
    Object {
      "id": "color-contrast",
      "path": "accessibility/color-contrast",
    },
    Object {
      "id": "definition-list",
      "path": "accessibility/definition-list",
    },
    Object {
      "id": "dlitem",
      "path": "accessibility/dlitem",
    },
    Object {
      "id": "document-title",
      "path": "accessibility/document-title",
    },
    Object {
      "id": "duplicate-id",
      "path": "accessibility/duplicate-id",
    },
    Object {
      "id": "frame-title",
      "path": "accessibility/frame-title",
    },
    Object {
      "id": "html-has-lang",
      "path": "accessibility/html-has-lang",
    },
    Object {
      "id": "html-lang-valid",
      "path": "accessibility/html-lang-valid",
    },
    Object {
      "id": "image-alt",
      "path": "accessibility/image-alt",
    },
    Object {
      "id": "input-image-alt",
      "path": "accessibility/input-image-alt",
    },
    Object {
      "id": "label",
      "path": "accessibility/label",
    },
    Object {
      "id": "layout-table",
      "path": "accessibility/layout-table",
    },
    Object {
      "id": "link-name",
      "path": "accessibility/link-name",
    },
    Object {
      "id": "list",
      "path": "accessibility/list",
    },
    Object {
      "id": "listitem",
      "path": "accessibility/listitem",
    },
    Object {
      "id": "meta-refresh",
      "path": "accessibility/meta-refresh",
    },
    Object {
      "id": "meta-viewport",
      "path": "accessibility/meta-viewport",
    },
    Object {
      "id": "object-alt",
      "path": "accessibility/object-alt",
    },
    Object {
      "id": "tabindex",
      "path": "accessibility/tabindex",
    },
    Object {
      "id": "td-headers-attr",
      "path": "accessibility/td-headers-attr",
    },
    Object {
      "id": "th-has-data-cells",
      "path": "accessibility/th-has-data-cells",
    },
    Object {
      "id": "valid-lang",
      "path": "accessibility/valid-lang",
    },
    Object {
      "id": "video-caption",
      "path": "accessibility/video-caption",
    },
    Object {
      "id": "video-description",
      "path": "accessibility/video-description",
    },
    Object {
      "id": "custom-controls-labels",
      "path": "accessibility/manual/custom-controls-labels",
    },
    Object {
      "id": "custom-controls-roles",
      "path": "accessibility/manual/custom-controls-roles",
    },
    Object {
      "id": "focus-traps",
      "path": "accessibility/manual/focus-traps",
    },
    Object {
      "id": "focusable-controls",
      "path": "accessibility/manual/focusable-controls",
    },
    Object {
      "id": "heading-levels",
      "path": "accessibility/manual/heading-levels",
    },
    Object {
      "id": "interactive-element-affordance",
      "path": "accessibility/manual/interactive-element-affordance",
    },
    Object {
      "id": "logical-tab-order",
      "path": "accessibility/manual/logical-tab-order",
    },
    Object {
      "id": "managed-focus",
      "path": "accessibility/manual/managed-focus",
    },
    Object {
      "id": "offscreen-content-hidden",
      "path": "accessibility/manual/offscreen-content-hidden",
    },
    Object {
      "id": "use-landmarks",
      "path": "accessibility/manual/use-landmarks",
    },
    Object {
      "id": "visual-order-follows-dom",
      "path": "accessibility/manual/visual-order-follows-dom",
    },
    Object {
      "id": "uses-long-cache-ttl",
      "path": "byte-efficiency/uses-long-cache-ttl",
    },
    Object {
      "id": "total-byte-weight",
      "path": "byte-efficiency/total-byte-weight",
    },
    Object {
      "id": "offscreen-images",
      "path": "byte-efficiency/offscreen-images",
    },
    Object {
      "id": "render-blocking-resources",
      "path": "byte-efficiency/render-blocking-resources",
    },
    Object {
      "id": "unminified-css",
      "path": "byte-efficiency/unminified-css",
    },
    Object {
      "id": "unminified-javascript",
      "path": "byte-efficiency/unminified-javascript",
    },
    Object {
      "id": "unused-css-rules",
      "path": "byte-efficiency/unused-css-rules",
    },
    Object {
      "id": "uses-webp-images",
      "path": "byte-efficiency/uses-webp-images",
    },
    Object {
      "id": "uses-optimized-images",
      "path": "byte-efficiency/uses-optimized-images",
    },
    Object {
      "id": "uses-text-compression",
      "path": "byte-efficiency/uses-text-compression",
    },
    Object {
      "id": "uses-responsive-images",
      "path": "byte-efficiency/uses-responsive-images",
    },
    Object {
      "id": "efficient-animated-content",
      "path": "byte-efficiency/efficient-animated-content",
    },
    Object {
      "id": "appcache-manifest",
      "path": "dobetterweb/appcache-manifest",
    },
    Object {
      "id": "doctype",
      "path": "dobetterweb/doctype",
    },
    Object {
      "id": "dom-size",
      "path": "dobetterweb/dom-size",
    },
    Object {
      "id": "external-anchors-use-rel-noopener",
      "path": "dobetterweb/external-anchors-use-rel-noopener",
    },
    Object {
      "id": "geolocation-on-start",
      "path": "dobetterweb/geolocation-on-start",
    },
    Object {
      "id": "no-document-write",
      "path": "dobetterweb/no-document-write",
    },
    Object {
      "id": "no-vulnerable-libraries",
      "path": "dobetterweb/no-vulnerable-libraries",
    },
    Object {
      "id": "js-libraries",
      "path": "dobetterweb/js-libraries",
    },
    Object {
      "id": "notification-on-start",
      "path": "dobetterweb/notification-on-start",
    },
    Object {
      "id": "password-inputs-can-be-pasted-into",
      "path": "dobetterweb/password-inputs-can-be-pasted-into",
    },
    Object {
      "id": "uses-http2",
      "path": "dobetterweb/uses-http2",
    },
    Object {
      "id": "uses-passive-event-listeners",
      "path": "dobetterweb/uses-passive-event-listeners",
    },
    Object {
      "id": "meta-description",
      "path": "seo/meta-description",
    },
    Object {
      "id": "http-status-code",
      "path": "seo/http-status-code",
    },
    Object {
      "id": "font-size",
      "path": "seo/font-size",
    },
    Object {
      "id": "link-text",
      "path": "seo/link-text",
    },
    Object {
      "id": "is-crawlable",
      "path": "seo/is-crawlable",
    },
    Object {
      "id": "robots-txt",
      "path": "seo/robots-txt",
    },
    Object {
      "id": "tap-targets",
      "path": "seo/tap-targets",
    },
    Object {
      "id": "hreflang",
      "path": "seo/hreflang",
    },
    Object {
      "id": "plugins",
      "path": "seo/plugins",
    },
    Object {
      "id": "canonical",
      "path": "seo/canonical",
    },
    Object {
      "id": "structured-data",
      "path": "seo/manual/structured-data",
    },
  ],
  "categories": Object {
    "accessibility": Object {
      "auditRefs": Array [
        Object {
          "group": "a11y-navigation",
          "id": "accesskeys",
          "weight": 3,
        },
        Object {
          "group": "a11y-aria",
          "id": "aria-allowed-attr",
          "weight": 3,
        },
        Object {
          "group": "a11y-aria",
          "id": "aria-required-attr",
          "weight": 2,
        },
        Object {
          "group": "a11y-aria",
          "id": "aria-required-children",
          "weight": 5,
        },
        Object {
          "group": "a11y-aria",
          "id": "aria-required-parent",
          "weight": 2,
        },
        Object {
          "group": "a11y-aria",
          "id": "aria-roles",
          "weight": 3,
        },
        Object {
          "group": "a11y-aria",
          "id": "aria-valid-attr-value",
          "weight": 2,
        },
        Object {
          "group": "a11y-aria",
          "id": "aria-valid-attr",
          "weight": 5,
        },
        Object {
          "group": "a11y-audio-video",
          "id": "audio-caption",
          "weight": 4,
        },
        Object {
          "group": "a11y-names-labels",
          "id": "button-name",
          "weight": 10,
        },
        Object {
          "group": "a11y-navigation",
          "id": "bypass",
          "weight": 10,
        },
        Object {
          "group": "a11y-color-contrast",
          "id": "color-contrast",
          "weight": 6,
        },
        Object {
          "group": "a11y-tables-lists",
          "id": "definition-list",
          "weight": 1,
        },
        Object {
          "group": "a11y-tables-lists",
          "id": "dlitem",
          "weight": 1,
        },
        Object {
          "group": "a11y-names-labels",
          "id": "document-title",
          "weight": 2,
        },
        Object {
          "group": "a11y-best-practices",
          "id": "duplicate-id",
          "weight": 5,
        },
        Object {
          "group": "a11y-names-labels",
          "id": "frame-title",
          "weight": 5,
        },
        Object {
          "group": "a11y-language",
          "id": "html-has-lang",
          "weight": 4,
        },
        Object {
          "group": "a11y-language",
          "id": "html-lang-valid",
          "weight": 1,
        },
        Object {
          "group": "a11y-names-labels",
          "id": "image-alt",
          "weight": 8,
        },
        Object {
          "group": "a11y-names-labels",
          "id": "input-image-alt",
          "weight": 1,
        },
        Object {
          "group": "a11y-names-labels",
          "id": "label",
          "weight": 10,
        },
        Object {
          "group": "a11y-tables-lists",
          "id": "layout-table",
          "weight": 1,
        },
        Object {
          "group": "a11y-names-labels",
          "id": "link-name",
          "weight": 9,
        },
        Object {
          "group": "a11y-tables-lists",
          "id": "list",
          "weight": 5,
        },
        Object {
          "group": "a11y-tables-lists",
          "id": "listitem",
          "weight": 4,
        },
        Object {
          "group": "a11y-best-practices",
          "id": "meta-refresh",
          "weight": 1,
        },
        Object {
          "group": "a11y-best-practices",
          "id": "meta-viewport",
          "weight": 3,
        },
        Object {
          "group": "a11y-names-labels",
          "id": "object-alt",
          "weight": 4,
        },
        Object {
          "group": "a11y-navigation",
          "id": "tabindex",
          "weight": 4,
        },
        Object {
          "group": "a11y-tables-lists",
          "id": "td-headers-attr",
          "weight": 1,
        },
        Object {
          "group": "a11y-tables-lists",
          "id": "th-has-data-cells",
          "weight": 1,
        },
        Object {
          "group": "a11y-language",
          "id": "valid-lang",
          "weight": 1,
        },
        Object {
          "group": "a11y-audio-video",
          "id": "video-caption",
          "weight": 4,
        },
        Object {
          "group": "a11y-audio-video",
          "id": "video-description",
          "weight": 3,
        },
        Object {
          "id": "logical-tab-order",
          "weight": 0,
        },
        Object {
          "id": "focusable-controls",
          "weight": 0,
        },
        Object {
          "id": "interactive-element-affordance",
          "weight": 0,
        },
        Object {
          "id": "managed-focus",
          "weight": 0,
        },
        Object {
          "id": "focus-traps",
          "weight": 0,
        },
        Object {
          "id": "custom-controls-labels",
          "weight": 0,
        },
        Object {
          "id": "custom-controls-roles",
          "weight": 0,
        },
        Object {
          "id": "visual-order-follows-dom",
          "weight": 0,
        },
        Object {
          "id": "offscreen-content-hidden",
          "weight": 0,
        },
        Object {
          "id": "heading-levels",
          "weight": 0,
        },
        Object {
          "id": "use-landmarks",
          "weight": 0,
        },
      ],
      "description": "These checks highlight opportunities to [improve the accessibility of your web app](https://developers.google.com/web/fundamentals/accessibility). Only a subset of accessibility issues can be automatically detected so manual testing is also encouraged.",
      "manualDescription": "These items address areas which an automated testing tool cannot cover. Learn more in our guide on [conducting an accessibility review](https://developers.google.com/web/fundamentals/accessibility/how-to-review).",
      "title": "Accessibility",
    },
    "best-practices": Object {
      "auditRefs": Array [
        Object {
          "id": "appcache-manifest",
          "weight": 1,
        },
        Object {
          "id": "is-on-https",
          "weight": 1,
        },
        Object {
          "id": "uses-http2",
          "weight": 1,
        },
        Object {
          "id": "uses-passive-event-listeners",
          "weight": 1,
        },
        Object {
          "id": "no-document-write",
          "weight": 1,
        },
        Object {
          "id": "external-anchors-use-rel-noopener",
          "weight": 1,
        },
        Object {
          "id": "geolocation-on-start",
          "weight": 1,
        },
        Object {
          "id": "doctype",
          "weight": 1,
        },
        Object {
          "id": "no-vulnerable-libraries",
          "weight": 1,
        },
        Object {
          "id": "js-libraries",
          "weight": 0,
        },
        Object {
          "id": "notification-on-start",
          "weight": 1,
        },
        Object {
          "id": "deprecations",
          "weight": 1,
        },
        Object {
          "id": "password-inputs-can-be-pasted-into",
          "weight": 1,
        },
        Object {
          "id": "errors-in-console",
          "weight": 1,
        },
        Object {
          "id": "image-aspect-ratio",
          "weight": 1,
        },
      ],
      "title": "Best Practices",
    },
    "performance": Object {
      "auditRefs": Array [
        Object {
          "group": "metrics",
          "id": "first-contentful-paint",
          "weight": 3,
        },
        Object {
          "group": "metrics",
          "id": "first-meaningful-paint",
          "weight": 1,
        },
        Object {
          "group": "metrics",
          "id": "speed-index",
          "weight": 4,
        },
        Object {
          "group": "metrics",
          "id": "interactive",
          "weight": 5,
        },
        Object {
          "group": "metrics",
          "id": "first-cpu-idle",
          "weight": 2,
        },
        Object {
          "group": "metrics",
          "id": "estimated-input-latency",
          "weight": 0,
        },
        Object {
          "id": "max-potential-fid",
          "weight": 0,
        },
        Object {
          "group": "load-opportunities",
          "id": "render-blocking-resources",
          "weight": 0,
        },
        Object {
          "group": "load-opportunities",
          "id": "uses-responsive-images",
          "weight": 0,
        },
        Object {
          "group": "load-opportunities",
          "id": "offscreen-images",
          "weight": 0,
        },
        Object {
          "group": "load-opportunities",
          "id": "unminified-css",
          "weight": 0,
        },
        Object {
          "group": "load-opportunities",
          "id": "unminified-javascript",
          "weight": 0,
        },
        Object {
          "group": "load-opportunities",
          "id": "unused-css-rules",
          "weight": 0,
        },
        Object {
          "group": "load-opportunities",
          "id": "uses-optimized-images",
          "weight": 0,
        },
        Object {
          "group": "load-opportunities",
          "id": "uses-webp-images",
          "weight": 0,
        },
        Object {
          "group": "load-opportunities",
          "id": "uses-text-compression",
          "weight": 0,
        },
        Object {
          "group": "load-opportunities",
          "id": "uses-rel-preconnect",
          "weight": 0,
        },
        Object {
          "group": "load-opportunities",
          "id": "time-to-first-byte",
          "weight": 0,
        },
        Object {
          "group": "load-opportunities",
          "id": "redirects",
          "weight": 0,
        },
        Object {
          "group": "load-opportunities",
          "id": "uses-rel-preload",
          "weight": 0,
        },
        Object {
          "group": "load-opportunities",
          "id": "efficient-animated-content",
          "weight": 0,
        },
        Object {
          "group": "diagnostics",
          "id": "total-byte-weight",
          "weight": 0,
        },
        Object {
          "group": "diagnostics",
          "id": "uses-long-cache-ttl",
          "weight": 0,
        },
        Object {
          "group": "diagnostics",
          "id": "dom-size",
          "weight": 0,
        },
        Object {
          "group": "diagnostics",
          "id": "critical-request-chains",
          "weight": 0,
        },
        Object {
          "group": "diagnostics",
          "id": "user-timings",
          "weight": 0,
        },
        Object {
          "group": "diagnostics",
          "id": "bootup-time",
          "weight": 0,
        },
        Object {
          "group": "diagnostics",
          "id": "mainthread-work-breakdown",
          "weight": 0,
        },
        Object {
          "group": "diagnostics",
          "id": "font-display",
          "weight": 0,
        },
        Object {
          "id": "network-requests",
          "weight": 0,
        },
        Object {
          "id": "network-rtt",
          "weight": 0,
        },
        Object {
          "id": "network-server-latency",
          "weight": 0,
        },
        Object {
          "id": "main-thread-tasks",
          "weight": 0,
        },
        Object {
          "id": "diagnostics",
          "weight": 0,
        },
        Object {
          "id": "metrics",
          "weight": 0,
        },
        Object {
          "id": "screenshot-thumbnails",
          "weight": 0,
        },
        Object {
          "id": "final-screenshot",
          "weight": 0,
        },
      ],
      "title": "Performance",
    },
    "pwa": Object {
      "auditRefs": Array [
        Object {
          "group": "pwa-fast-reliable",
          "id": "load-fast-enough-for-pwa",
          "weight": 7,
        },
        Object {
          "group": "pwa-fast-reliable",
          "id": "works-offline",
          "weight": 5,
        },
        Object {
          "group": "pwa-fast-reliable",
          "id": "offline-start-url",
          "weight": 1,
        },
        Object {
          "group": "pwa-installable",
          "id": "is-on-https",
          "weight": 2,
        },
        Object {
          "group": "pwa-installable",
          "id": "service-worker",
          "weight": 1,
        },
        Object {
          "group": "pwa-installable",
          "id": "installable-manifest",
          "weight": 2,
        },
        Object {
          "group": "pwa-optimized",
          "id": "redirects-http",
          "weight": 2,
        },
        Object {
          "group": "pwa-optimized",
          "id": "splash-screen",
          "weight": 1,
        },
        Object {
          "group": "pwa-optimized",
          "id": "themed-omnibox",
          "weight": 1,
        },
        Object {
          "group": "pwa-optimized",
          "id": "content-width",
          "weight": 1,
        },
        Object {
          "group": "pwa-optimized",
          "id": "viewport",
          "weight": 2,
        },
        Object {
          "group": "pwa-optimized",
          "id": "without-javascript",
          "weight": 1,
        },
        Object {
          "id": "pwa-cross-browser",
          "weight": 0,
        },
        Object {
          "id": "pwa-page-transitions",
          "weight": 0,
        },
        Object {
          "id": "pwa-each-page-has-url",
          "weight": 0,
        },
      ],
      "description": "These checks validate the aspects of a Progressive Web App. [Learn more](https://developers.google.com/web/progressive-web-apps/checklist).",
      "manualDescription": "These checks are required by the baseline [PWA Checklist](https://developers.google.com/web/progressive-web-apps/checklist) but are not automatically checked by Lighthouse. They do not affect your score but it's important that you verify them manually.",
      "title": "Progressive Web App",
    },
    "seo": Object {
      "auditRefs": Array [
        Object {
          "group": "seo-mobile",
          "id": "viewport",
          "weight": 1,
        },
        Object {
          "group": "seo-content",
          "id": "document-title",
          "weight": 1,
        },
        Object {
          "group": "seo-content",
          "id": "meta-description",
          "weight": 1,
        },
        Object {
          "group": "seo-crawl",
          "id": "http-status-code",
          "weight": 1,
        },
        Object {
          "group": "seo-content",
          "id": "link-text",
          "weight": 1,
        },
        Object {
          "group": "seo-crawl",
          "id": "is-crawlable",
          "weight": 1,
        },
        Object {
          "group": "seo-crawl",
          "id": "robots-txt",
          "weight": 1,
        },
        Object {
          "group": "seo-content",
          "id": "hreflang",
          "weight": 1,
        },
        Object {
          "group": "seo-content",
          "id": "canonical",
          "weight": 1,
        },
        Object {
          "group": "seo-mobile",
          "id": "font-size",
          "weight": 1,
        },
        Object {
          "group": "seo-content",
          "id": "plugins",
          "weight": 1,
        },
        Object {
          "group": "seo-mobile",
          "id": "tap-targets",
          "weight": 1,
        },
        Object {
          "id": "structured-data",
          "weight": 0,
        },
      ],
      "description": "These checks ensure that your page is optimized for search engine results ranking. There are additional factors Lighthouse does not check that may affect your search ranking. [Learn more](https://support.google.com/webmasters/answer/35769).",
      "manualDescription": "Run these additional validators on your site to check additional SEO best practices.",
      "title": "SEO",
    },
  },
  "groups": Object {
    "a11y-aria": Object {
      "description": "These are opportunities to improve the usage of ARIA in your application which may enhance the experience for users of assistive technology, like a screen reader.",
      "title": "ARIA",
    },
    "a11y-audio-video": Object {
      "description": "These are opportunities to provide alternative content for audio and video. This may improve the experience for users with hearing or vision impairments.",
      "title": "Audio and video",
    },
    "a11y-best-practices": Object {
      "description": "These items highlight common accessibility best practices.",
      "title": "Best practices",
    },
    "a11y-color-contrast": Object {
      "description": "These are opportunities to improve the legibility of your content.",
      "title": "Contrast",
    },
    "a11y-language": Object {
      "description": "These are opportunities to improve the interpretation of your content by users in different locales.",
      "title": "Internationalization and localization",
    },
    "a11y-names-labels": Object {
      "description": "These are opportunities to improve the semantics of the controls in your application. This may enhance the experience for users of assistive technology, like a screen reader.",
      "title": "Names and labels",
    },
    "a11y-navigation": Object {
      "description": "These are opportunities to improve keyboard navigation in your application.",
      "title": "Navigation",
    },
    "a11y-tables-lists": Object {
      "description": "These are opportunities to to improve the experience of reading tabular or list data using assistive technology, like a screen reader.",
      "title": "Tables and lists",
    },
    "diagnostics": Object {
      "description": "More information about the performance of your application.",
      "title": "Diagnostics",
    },
    "load-opportunities": Object {
      "description": "These optimizations can speed up your page load.",
      "title": "Opportunities",
    },
    "metrics": Object {
      "title": "Metrics",
    },
    "pwa-fast-reliable": Object {
      "title": "Fast and reliable",
    },
    "pwa-installable": Object {
      "title": "Installable",
    },
    "pwa-optimized": Object {
      "title": "PWA Optimized",
    },
    "seo-content": Object {
      "description": "Format your HTML in a way that enables crawlers to better understand your app’s content.",
      "title": "Content Best Practices",
    },
    "seo-crawl": Object {
      "description": "To appear in search results, crawlers need access to your app.",
      "title": "Crawling and Indexing",
    },
    "seo-mobile": Object {
      "description": "Make sure your pages are mobile friendly so users don’t have to pinch or zoom in order to read the content pages. [Learn more](https://developers.google.com/search/mobile-sites/).",
      "title": "Mobile Friendly",
    },
  },
  "passes": Array [
    Object {
      "blankPage": "about:blank",
      "blockedUrlPatterns": Array [],
      "cpuQuietThresholdMs": 1000,
      "gatherers": Array [
        Object {
          "id": "CSSUsage",
          "path": "css-usage",
        },
        Object {
          "id": "ViewportDimensions",
          "path": "viewport-dimensions",
        },
        Object {
          "id": "RuntimeExceptions",
          "path": "runtime-exceptions",
        },
        Object {
          "id": "ChromeConsoleMessages",
          "path": "chrome-console-messages",
        },
        Object {
          "id": "AnchorElements",
          "path": "anchor-elements",
        },
        Object {
          "id": "ImageElements",
          "path": "image-elements",
        },
        Object {
          "id": "LinkElements",
          "path": "link-elements",
        },
        Object {
          "id": "MetaElements",
          "path": "meta-elements",
        },
        Object {
          "id": "ScriptElements",
          "path": "script-elements",
        },
        Object {
          "id": "AppCacheManifest",
          "path": "dobetterweb/appcache",
        },
        Object {
          "id": "Doctype",
          "path": "dobetterweb/doctype",
        },
        Object {
          "id": "DOMStats",
          "path": "dobetterweb/domstats",
        },
        Object {
          "id": "OptimizedImages",
          "path": "dobetterweb/optimized-images",
        },
        Object {
          "id": "PasswordInputsWithPreventedPaste",
          "path": "dobetterweb/password-inputs-with-prevented-paste",
        },
        Object {
          "id": "ResponseCompression",
          "path": "dobetterweb/response-compression",
        },
        Object {
          "id": "TagsBlockingFirstPaint",
          "path": "dobetterweb/tags-blocking-first-paint",
        },
        Object {
          "id": "FontSize",
          "path": "seo/font-size",
        },
        Object {
          "id": "EmbeddedContent",
          "path": "seo/embedded-content",
        },
        Object {
          "id": "RobotsTxt",
          "path": "seo/robots-txt",
        },
        Object {
          "id": "TapTargets",
          "path": "seo/tap-targets",
        },
        Object {
          "id": "Accessibility",
          "path": "accessibility",
        },
      ],
      "networkQuietThresholdMs": 1000,
      "passName": "defaultPass",
      "pauseAfterLoadMs": 1000,
      "recordTrace": true,
      "useThrottling": true,
    },
    Object {
      "blankPage": "about:blank",
      "blockedUrlPatterns": Array [],
      "cpuQuietThresholdMs": 0,
      "gatherers": Array [
        Object {
          "id": "ServiceWorker",
          "path": "service-worker",
        },
        Object {
          "id": "Offline",
          "path": "offline",
        },
        Object {
          "id": "StartUrl",
          "path": "start-url",
        },
      ],
      "networkQuietThresholdMs": 0,
      "passName": "offlinePass",
      "pauseAfterLoadMs": 0,
      "recordTrace": false,
      "useThrottling": false,
    },
    Object {
      "blankPage": "about:blank",
      "blockedUrlPatterns": Array [
        "*.css",
        "*.jpg",
        "*.jpeg",
        "*.png",
        "*.gif",
        "*.svg",
        "*.ttf",
        "*.woff",
        "*.woff2",
      ],
      "cpuQuietThresholdMs": 0,
      "gatherers": Array [
        Object {
          "id": "HTTPRedirect",
          "path": "http-redirect",
        },
        Object {
          "id": "HTMLWithoutJavaScript",
          "path": "html-without-javascript",
        },
      ],
      "networkQuietThresholdMs": 0,
      "passName": "redirectPass",
      "pauseAfterLoadMs": 0,
      "recordTrace": false,
      "useThrottling": false,
    },
  ],
  "settings": Object {
    "additionalTraceCategories": null,
    "auditMode": false,
    "blockedUrlPatterns": null,
    "channel": "cli",
    "disableDeviceEmulation": false,
    "disableStorageReset": false,
    "emulatedFormFactor": "mobile",
    "extraHeaders": null,
    "gatherMode": false,
    "locale": "en-US",
    "maxWaitForFcp": 15000,
    "maxWaitForLoad": 45000,
    "onlyAudits": null,
    "onlyCategories": null,
    "output": Array [
      "html",
    ],
    "precomputedLanternData": null,
    "skipAudits": null,
    "throttling": Object {
      "cpuSlowdownMultiplier": 4,
      "downloadThroughputKbps": 1474.5600000000002,
      "requestLatencyMs": 562.5,
      "rttMs": 150,
      "throughputKbps": 1638.4,
      "uploadThroughputKbps": 675,
    },
    "throttlingMethod": "simulate",
  },
}
`;

exports[`CLI Tests print-config should print the overridden config and exit immediately after 1`] = `
Object {
  "audits": Array [
    Object {
      "id": "metrics",
      "path": "metrics",
    },
  ],
  "categories": Object {
    "performance": Object {
      "auditRefs": Array [
        Object {
          "id": "metrics",
          "weight": 0,
        },
      ],
      "title": "Performance",
    },
  },
  "groups": Object {
    "a11y-aria": Object {
      "description": "These are opportunities to improve the usage of ARIA in your application which may enhance the experience for users of assistive technology, like a screen reader.",
      "title": "ARIA",
    },
    "a11y-audio-video": Object {
      "description": "These are opportunities to provide alternative content for audio and video. This may improve the experience for users with hearing or vision impairments.",
      "title": "Audio and video",
    },
    "a11y-best-practices": Object {
      "description": "These items highlight common accessibility best practices.",
      "title": "Best practices",
    },
    "a11y-color-contrast": Object {
      "description": "These are opportunities to improve the legibility of your content.",
      "title": "Contrast",
    },
    "a11y-language": Object {
      "description": "These are opportunities to improve the interpretation of your content by users in different locales.",
      "title": "Internationalization and localization",
    },
    "a11y-names-labels": Object {
      "description": "These are opportunities to improve the semantics of the controls in your application. This may enhance the experience for users of assistive technology, like a screen reader.",
      "title": "Names and labels",
    },
    "a11y-navigation": Object {
      "description": "These are opportunities to improve keyboard navigation in your application.",
      "title": "Navigation",
    },
    "a11y-tables-lists": Object {
      "description": "These are opportunities to to improve the experience of reading tabular or list data using assistive technology, like a screen reader.",
      "title": "Tables and lists",
    },
    "diagnostics": Object {
      "description": "More information about the performance of your application.",
      "title": "Diagnostics",
    },
    "load-opportunities": Object {
      "description": "These optimizations can speed up your page load.",
      "title": "Opportunities",
    },
    "metrics": Object {
      "title": "Metrics",
    },
    "pwa-fast-reliable": Object {
      "title": "Fast and reliable",
    },
    "pwa-installable": Object {
      "title": "Installable",
    },
    "pwa-optimized": Object {
      "title": "PWA Optimized",
    },
    "seo-content": Object {
      "description": "Format your HTML in a way that enables crawlers to better understand your app’s content.",
      "title": "Content Best Practices",
    },
    "seo-crawl": Object {
      "description": "To appear in search results, crawlers need access to your app.",
      "title": "Crawling and Indexing",
    },
    "seo-mobile": Object {
      "description": "Make sure your pages are mobile friendly so users don’t have to pinch or zoom in order to read the content pages. [Learn more](https://developers.google.com/search/mobile-sites/).",
      "title": "Mobile Friendly",
    },
  },
  "passes": Array [
    Object {
      "blankPage": "about:blank",
      "blockedUrlPatterns": Array [],
      "cpuQuietThresholdMs": 1000,
      "gatherers": Array [],
      "networkQuietThresholdMs": 1000,
      "passName": "defaultPass",
      "pauseAfterLoadMs": 1000,
      "recordTrace": true,
      "useThrottling": true,
    },
  ],
  "settings": Object {
    "additionalTraceCategories": null,
    "auditMode": true,
    "blockedUrlPatterns": null,
    "channel": "cli",
    "disableDeviceEmulation": false,
    "disableStorageReset": false,
    "emulatedFormFactor": "mobile",
    "extraHeaders": null,
    "gatherMode": false,
    "locale": "en-US",
    "maxWaitForFcp": 15000,
    "maxWaitForLoad": 45000,
    "onlyAudits": Array [
      "metrics",
    ],
    "onlyCategories": null,
    "output": Array [
      "json",
    ],
    "precomputedLanternData": null,
    "skipAudits": null,
    "throttling": Object {
      "cpuSlowdownMultiplier": 4,
      "downloadThroughputKbps": 1474.5600000000002,
      "requestLatencyMs": 562.5,
      "rttMs": 150,
      "throughputKbps": 1638.4,
      "uploadThroughputKbps": 675,
    },
    "throttlingMethod": "simulate",
  },
}
`;
